******************************************************************************
                  TI ARM Linker PC v16.9.4                     
******************************************************************************
>> Linked Sun Sep 03 23:29:08 2023

OUTPUT FILE NAME:   <I2C.out>
ENTRY POINT SYMBOL: "_c_int00"  address: 00000ae9


MEMORY CONFIGURATION

         name            origin    length      used     unused   attr    fill
----------------------  --------  ---------  --------  --------  ----  --------
  FLASH                 00000000   00040000  00001050  0003efb0  R  X
  SRAM                  20000000   00008000  0000048f  00007b71  RW X


SEGMENT ALLOCATION MAP

run origin  load origin   length   init length attrs members
----------  ----------- ---------- ----------- ----- -------
00000000    00000000    00001050   00001050    r-x
  00000000    00000000    0000026c   0000026c    r-- .intvecs
  0000026c    0000026c    00000ca8   00000ca8    r-x .text
  00000f14    00000f14    000000fc   000000fc    r-- .const
  00001010    00001010    00000040   00000040    r-- .cinit
20000000    20000000    0000048f   00000000    rw-
  20000000    20000000    0000026c   00000000    rw- .vtable
  2000026c    2000026c    00000200   00000000    rw- .stack
  2000046c    2000046c    00000023   00000000    rw- .data


SECTION ALLOCATION MAP

 output                                  attributes/
section   page    origin      length       input sections
--------  ----  ----------  ----------   ----------------
.intvecs   0    00000000    0000026c     
                  00000000    0000026c     tm4c123gh6pm_startup_ccs.obj (.intvecs)

.text      0    0000026c    00000ca8     
                  0000026c    000002bc     UART_API.obj (.text)
                  00000528    0000016c     driverlib.lib : gpio.obj (.text:GPIOPadConfigSet)
                  00000694    0000014c     switch.obj (.text)
                  000007e0    00000118     driverlib.lib : sysctl.obj (.text:SysCtlClockGet)
                  000008f8    0000009c     rtsv7M4_T_le_v4SPD16_eabi.lib : memcpy_t2.obj (.text)
                  00000994    0000007a                                   : memset_t2.obj (.text)
                  00000a0e    00000002                                   : mpu_init.obj (.text)
                  00000a10    00000070                                   : autoinit.obj (.text)
                  00000a80    00000068                                   : copy_decompress_lzss.obj (.text:decompress:lzss)
                  00000ae8    00000054                                   : boot.obj (.text)
                  00000b3c    00000054                                   : exit.obj (.text)
                  00000b90    0000004c     driverlib.lib : gpio.obj (.text:GPIOPinConfigure)
                  00000bdc    0000004c     rtsv7M4_T_le_v4SPD16_eabi.lib : cpy_tbl.obj (.text)
                  00000c28    00000046     driverlib.lib : uart.obj (.text:UARTConfigSetExpClk)
                  00000c6e    00000002     rtsv7M4_T_le_v4SPD16_eabi.lib : startup.obj (.text)
                  00000c70    00000044     main.obj (.text)
                  00000cb4    00000034     driverlib.lib : interrupt.obj (.text:IntRegister)
                  00000ce8    00000034                   : sysctl.obj (.text:SysCtlPeripheralEnable)
                  00000d1c    0000002c                   : gpio.obj (.text:GPIODirModeSet)
                  00000d48    00000020                   : uart.obj (.text:UARTDisable)
                  00000d68    00000020     led.obj (.text)
                  00000d88    0000001c     driverlib.lib : systick.obj (.text:SysTickIntRegister)
                  00000da4    0000001a                   : gpio.obj (.text:GPIOPinTypeGPIOOutput)
                  00000dbe    00000002     --HOLE-- [fill = 0]
                  00000dc0    00000018                   : gpio.obj (.text:GPIOUnlockPin)
                  00000dd8    00000018     rtsv7M4_T_le_v4SPD16_eabi.lib : args_main.obj (.text)
                  00000df0    00000016     driverlib.lib : gpio.obj (.text:GPIOPinTypeGPIOInput)
                  00000e06    00000016                   : gpio.obj (.text:GPIOPinTypeUART)
                  00000e1c    00000014                   : systick.obj (.text:SysTickDisable)
                  00000e30    00000014                   : systick.obj (.text:SysTickEnable)
                  00000e44    00000014                   : systick.obj (.text:SysTickIntDisable)
                  00000e58    00000014                   : systick.obj (.text:SysTickIntEnable)
                  00000e6c    00000014                   : uart.obj (.text:UARTEnable)
                  00000e80    00000014     rtsv7M4_T_le_v4SPD16_eabi.lib : _lock.obj (.text)
                  00000e94    00000014                                   : strlen.obj (.text)
                  00000ea8    00000010     driverlib.lib : systick.obj (.text:SysTickPeriodSet)
                  00000eb8    0000000e                   : uart.obj (.text:UARTCharsAvail)
                  00000ec6    0000000e     rtsv7M4_T_le_v4SPD16_eabi.lib : copy_decompress_none.obj (.text:decompress:none)
                  00000ed4    0000000c                                   : copy_zero_init.obj (.text:decompress:ZI)
                  00000ee0    0000000c     tm4c123gh6pm_startup_ccs.obj (.text)
                  00000eec    0000000a     driverlib.lib : uart.obj (.text:UARTCharGet)
                  00000ef6    0000000a                   : uart.obj (.text:UARTCharPut)
                  00000f00    0000000a                   : uart.obj (.text:UARTFIFODisable)
                  00000f0a    00000006                   : gpio.obj (.text:GPIOPinRead)
                  00000f10    00000004     rtsv7M4_T_le_v4SPD16_eabi.lib : pre_init.obj (.text)

.const     0    00000f14    000000fc     
                  00000f14    00000090     driverlib.lib : gpio.obj (.const:g_pui32GPIOBaseAddrs)
                  00000fa4    0000006c                   : sysctl.obj (.const:g_pui32Xtals)

.cinit     0    00001010    00000040     
                  00001010    00000018     (.cinit..data.load) [load image, compression = lzss]
                  00001028    0000000c     (__TI_handler_table)
                  00001034    00000004     --HOLE-- [fill = 0]
                  00001038    00000008     (.cinit..vtable.load) [load image, compression = zero_init]
                  00001040    00000010     (__TI_cinit_table)

.init_array 
*          0    00000000    00000000     UNINITIALIZED

.vtable    0    20000000    0000026c     UNINITIALIZED
                  20000000    0000026c     driverlib.lib : interrupt.obj (.vtable)

.stack     0    2000026c    00000200     UNINITIALIZED
                  2000026c    00000200     --HOLE--

.data      0    2000046c    00000023     UNINITIALIZED
                  2000046c    0000000c     rtsv7M4_T_le_v4SPD16_eabi.lib : exit.obj (.data:$O1$$)
                  20000478    00000008                                   : _lock.obj (.data:$O1$$)
                  20000480    00000008     switch.obj (.data:sw1)
                  20000488    00000004     rtsv7M4_T_le_v4SPD16_eabi.lib : stkdepth_vars.obj (.data)
                  2000048c    00000002     main.obj (.data)
                  2000048e    00000001     switch.obj (.data)

MODULE SUMMARY

       Module                         code   ro data   rw data
       ------                         ----   -------   -------
    .\
       UART_API.obj                   700    0         0      
       tm4c123gh6pm_startup_ccs.obj   12     620       0      
       main.obj                       68     0         2      
    +--+------------------------------+------+---------+---------+
       Total:                         780    620       2      
                                                              
    .\HAL\
       switch.obj                     332    0         9      
       led.obj                        32     0         0      
    +--+------------------------------+------+---------+---------+
       Total:                         364    0         9      
                                                              
    C:\ti\ccsv7\tools\compiler\ti-cgt-arm_16.9.4.LTS\lib\rtsv7M4_T_le_v4SPD16_eabi.lib
       memcpy_t2.obj                  156    0         0      
       memset_t2.obj                  122    0         0      
       autoinit.obj                   112    0         0      
       copy_decompress_lzss.obj       104    0         0      
       exit.obj                       84     0         12     
       boot.obj                       84     0         0      
       cpy_tbl.obj                    76     0         0      
       _lock.obj                      20     0         8      
       args_main.obj                  24     0         0      
       strlen.obj                     20     0         0      
       copy_decompress_none.obj       14     0         0      
       copy_zero_init.obj             12     0         0      
       pre_init.obj                   4      0         0      
       stkdepth_vars.obj              0      0         4      
       mpu_init.obj                   2      0         0      
       startup.obj                    2      0         0      
    +--+------------------------------+------+---------+---------+
       Total:                         836    0         24     
                                                              
    D:/Embedded/EUI/tivaware/driverlib/ccs/Debug/driverlib.lib
       gpio.obj                       584    144       0      
       interrupt.obj                  52     0         620    
       sysctl.obj                     332    108       0      
       uart.obj                       166    0         0      
       systick.obj                    124    0         0      
    +--+------------------------------+------+---------+---------+
       Total:                         1258   252       620    
                                                              
       Stack:                         0      0         512    
       Linker Generated:              0      60        0      
    +--+------------------------------+------+---------+---------+
       Grand Total:                   3238   932       1167   


LINKER GENERATED COPY TABLES

__TI_cinit_table @ 00001040 records: 2, size/record: 8, table size: 16
	.data: load addr=00001010, load size=00000018 bytes, run addr=2000046c, run size=00000023 bytes, compression=lzss
	.vtable: load addr=00001038, load size=00000008 bytes, run addr=20000000, run size=0000026c bytes, compression=zero_init


LINKER GENERATED HANDLER TABLE

__TI_handler_table @ 00001028 records: 3, size/record: 4, table size: 12
	index: 0, handler: __TI_zero_init
	index: 1, handler: __TI_decompress_lzss
	index: 2, handler: __TI_decompress_none


GLOBAL SYMBOLS: SORTED ALPHABETICALLY BY Name 

address   name                           
-------   ----                           
2000048e  Button_lastState               
00000b3d  C$$EXIT                        
00000d1d  GPIODirModeSet                 
00000529  GPIOPadConfigSet               
00000b91  GPIOPinConfigure               
00000f0b  GPIOPinRead                    
00000df1  GPIOPinTypeGPIOInput           
00000da5  GPIOPinTypeGPIOOutput          
00000e07  GPIOPinTypeUART                
00000dc1  GPIOUnlockPin                  
00000cb5  IntRegister                    
00000d69  LedInit                        
00000ee1  ResetISR                       
UNDEFED   SHT$$INIT_ARRAY$$Base          
UNDEFED   SHT$$INIT_ARRAY$$Limit         
00000709  SwitchInit                     
000007e1  SysCtlClockGet                 
00000ce9  SysCtlPeripheralEnable         
00000e1d  SysTickDisable                 
00000e31  SysTickEnable                  
00000e45  SysTickIntDisable              
00000e59  SysTickIntEnable               
00000d89  SysTickIntRegister             
00000ea9  SysTickPeriodSet               
00000695  SysticISR                      
000006e9  SysticInit                     
00000eed  UARTCharGet                    
00000ef7  UARTCharPut                    
00000eb9  UARTCharsAvail                 
00000c29  UARTConfigSetExpClk            
00000d49  UARTDisable                    
00000e6d  UARTEnable                     
00000f01  UARTFIFODisable                
00000343  UARTListen                     
0000032d  UARTOff                        
000003a1  UARTSend                       
0000026d  UARTprint                      
2000046c  __STACK_END                    
00000200  __STACK_SIZE                   
2000046c  __STACK_TOP                    
00001040  __TI_CINIT_Base                
00001050  __TI_CINIT_Limit               
00001028  __TI_Handler_Table_Base        
00001034  __TI_Handler_Table_Limit       
00000a11  __TI_auto_init                 
2000046c  __TI_cleanup_ptr               
00000a81  __TI_decompress_lzss           
00000ec7  __TI_decompress_none           
20000470  __TI_dtors_ptr                 
20000474  __TI_enable_exit_profile_output
ffffffff  __TI_pprof_out_hndl            
ffffffff  __TI_prof_data_size            
ffffffff  __TI_prof_data_start           
00000000  __TI_static_base__             
00000ed5  __TI_zero_init                 
00000995  __aeabi_memclr                 
00000995  __aeabi_memclr4                
00000995  __aeabi_memclr8                
000008f9  __aeabi_memcpy                 
000008f9  __aeabi_memcpy4                
000008f9  __aeabi_memcpy8                
00000997  __aeabi_memset                 
00000997  __aeabi_memset4                
00000997  __aeabi_memset8                
ffffffff  __binit__                      
ffffffff  __c_args__                     
00000a0f  __mpu_init                     
2000026c  __stack                        
00000dd9  _args_main                     
00000ae9  _c_int00                       
20000478  _lock                          
00000e8f  _nop                           
00000e87  _register_lock                 
00000e81  _register_unlock               
00000c6f  _system_post_cinit             
00000f11  _system_pre_init               
2000047c  _unlock                        
00000b41  abort                          
ffffffff  binit                          
00000751  buttonGetState                 
0000071d  buttonInit                     
00000bdd  copy_in                        
00000b49  exit                           
2000048d  flag_interrupt                 
2000048c  flag_state                     
20000000  g_pfnRAMVectors                
00000000  g_pfnVectors                   
000002a1  initUART                       
00000c71  main                           
20000488  main_func_sp                   
000008f9  memcpy                         
0000099d  memset                         
00000e95  strlen                         
20000480  sw1                            


GLOBAL SYMBOLS: SORTED BY Symbol Address 

address   name                           
-------   ----                           
00000000  __TI_static_base__             
00000000  g_pfnVectors                   
00000200  __STACK_SIZE                   
0000026d  UARTprint                      
000002a1  initUART                       
0000032d  UARTOff                        
00000343  UARTListen                     
000003a1  UARTSend                       
00000529  GPIOPadConfigSet               
00000695  SysticISR                      
000006e9  SysticInit                     
00000709  SwitchInit                     
0000071d  buttonInit                     
00000751  buttonGetState                 
000007e1  SysCtlClockGet                 
000008f9  __aeabi_memcpy                 
000008f9  __aeabi_memcpy4                
000008f9  __aeabi_memcpy8                
000008f9  memcpy                         
00000995  __aeabi_memclr                 
00000995  __aeabi_memclr4                
00000995  __aeabi_memclr8                
00000997  __aeabi_memset                 
00000997  __aeabi_memset4                
00000997  __aeabi_memset8                
0000099d  memset                         
00000a0f  __mpu_init                     
00000a11  __TI_auto_init                 
00000a81  __TI_decompress_lzss           
00000ae9  _c_int00                       
00000b3d  C$$EXIT                        
00000b41  abort                          
00000b49  exit                           
00000b91  GPIOPinConfigure               
00000bdd  copy_in                        
00000c29  UARTConfigSetExpClk            
00000c6f  _system_post_cinit             
00000c71  main                           
00000cb5  IntRegister                    
00000ce9  SysCtlPeripheralEnable         
00000d1d  GPIODirModeSet                 
00000d49  UARTDisable                    
00000d69  LedInit                        
00000d89  SysTickIntRegister             
00000da5  GPIOPinTypeGPIOOutput          
00000dc1  GPIOUnlockPin                  
00000dd9  _args_main                     
00000df1  GPIOPinTypeGPIOInput           
00000e07  GPIOPinTypeUART                
00000e1d  SysTickDisable                 
00000e31  SysTickEnable                  
00000e45  SysTickIntDisable              
00000e59  SysTickIntEnable               
00000e6d  UARTEnable                     
00000e81  _register_unlock               
00000e87  _register_lock                 
00000e8f  _nop                           
00000e95  strlen                         
00000ea9  SysTickPeriodSet               
00000eb9  UARTCharsAvail                 
00000ec7  __TI_decompress_none           
00000ed5  __TI_zero_init                 
00000ee1  ResetISR                       
00000eed  UARTCharGet                    
00000ef7  UARTCharPut                    
00000f01  UARTFIFODisable                
00000f0b  GPIOPinRead                    
00000f11  _system_pre_init               
00001028  __TI_Handler_Table_Base        
00001034  __TI_Handler_Table_Limit       
00001040  __TI_CINIT_Base                
00001050  __TI_CINIT_Limit               
20000000  g_pfnRAMVectors                
2000026c  __stack                        
2000046c  __STACK_END                    
2000046c  __STACK_TOP                    
2000046c  __TI_cleanup_ptr               
20000470  __TI_dtors_ptr                 
20000474  __TI_enable_exit_profile_output
20000478  _lock                          
2000047c  _unlock                        
20000480  sw1                            
20000488  main_func_sp                   
2000048c  flag_state                     
2000048d  flag_interrupt                 
2000048e  Button_lastState               
ffffffff  __TI_pprof_out_hndl            
ffffffff  __TI_prof_data_size            
ffffffff  __TI_prof_data_start           
ffffffff  __binit__                      
ffffffff  __c_args__                     
ffffffff  binit                          
UNDEFED   SHT$$INIT_ARRAY$$Base          
UNDEFED   SHT$$INIT_ARRAY$$Limit         

[94 symbols]
